<?xml version="1.0" encoding="utf-8"?><testsuites name="pytest tests"><testsuite name="pytest" errors="0" failures="0" skipped="4" tests="71" time="2.017" timestamp="2025-11-04T17:03:37.631355+01:00" hostname="vmi2562287"><testcase classname="" name="aicf.tests.test_rpc_mount" time="0.000"><skipped message="collection skipped">('/root/animica/aicf/tests/test_rpc_mount.py', 13, "Skipped: could not import 'fastapi': No module named 'fastapi'")</skipped></testcase><testcase classname="aicf.tests.test_assignment_and_lease" name="test_lease_expiry_frees_capacity_and_allows_reassignment" time="0.003" /><testcase classname="aicf.tests.test_assignment_and_lease" name="test_lease_renewal_delays_expiry_and_preserves_capacity" time="0.001" /><testcase classname="aicf.tests.test_assignment_and_lease" name="test_cancel_lease_requeues_job_and_frees_quota" time="0.001" /><testcase classname="aicf.tests.test_assignment_and_lease" name="test_renewal_by_non_holder_is_rejected" time="0.002" /><testcase classname="aicf.tests.test_cli_provider_flow" name="test_cli_provider_flow_register_stake_heartbeat_complete_withdraw" time="0.013" /><testcase classname="aicf.tests.test_epoch_rollover" name="test_epoch_cap_overflow_defers_and_next_epoch_pays" time="0.002" /><testcase classname="aicf.tests.test_epoch_rollover" name="test_unused_budget_rolls_forward_and_accumulates" time="0.002" /><testcase classname="aicf.tests.test_epoch_rollover" name="test_invariants_budget_conservation_and_ordering[500-5-claims_e00-claims_e10]" time="0.002" /><testcase classname="aicf.tests.test_epoch_rollover" name="test_invariants_budget_conservation_and_ordering[600-8-claims_e01-claims_e11]" time="0.002" /><testcase classname="aicf.tests.test_epoch_rollover" name="test_invariants_budget_conservation_and_ordering[1000-10-claims_e02-claims_e12]" time="0.002" /><testcase classname="aicf.tests.test_integration_proof_to_payout" name="test_proof_to_claim_to_payout_credit" time="0.001" /><testcase classname="aicf.tests.test_payouts_settlement" name="test_batch_settlement_conservation" time="0.001" /><testcase classname="aicf.tests.test_payouts_settlement" name="test_settlement_receipts_and_provider_aggregation" time="0.001" /><testcase classname="aicf.tests.test_payouts_settlement" name="test_ledger_balances_if_supported" time="0.001" /><testcase classname="aicf.tests.test_payouts_settlement" name="test_zero_case_is_handled" time="0.001" /><testcase classname="aicf.tests.test_pricing_split" name="test_pricing_non_negative_and_monotonic[0-AI]" time="0.001" /><testcase classname="aicf.tests.test_pricing_split" name="test_pricing_non_negative_and_monotonic[0-Quantum]" time="0.001" /><testcase classname="aicf.tests.test_pricing_split" name="test_pricing_non_negative_and_monotonic[1-AI]" time="0.001" /><testcase classname="aicf.tests.test_pricing_split" name="test_pricing_non_negative_and_monotonic[1-Quantum]" time="0.001" /><testcase classname="aicf.tests.test_pricing_split" name="test_pricing_non_negative_and_monotonic[2-AI]" time="0.001" /><testcase classname="aicf.tests.test_pricing_split" name="test_pricing_non_negative_and_monotonic[2-Quantum]" time="0.001" /><testcase classname="aicf.tests.test_pricing_split" name="test_pricing_non_negative_and_monotonic[5-AI]" time="0.001" /><testcase classname="aicf.tests.test_pricing_split" name="test_pricing_non_negative_and_monotonic[5-Quantum]" time="0.001" /><testcase classname="aicf.tests.test_pricing_split" name="test_pricing_non_negative_and_monotonic[10-AI]" time="0.001" /><testcase classname="aicf.tests.test_pricing_split" name="test_pricing_non_negative_and_monotonic[10-Quantum]" time="0.001" /><testcase classname="aicf.tests.test_pricing_split" name="test_pricing_non_negative_and_monotonic[1234-AI]" time="0.001" /><testcase classname="aicf.tests.test_pricing_split" name="test_pricing_non_negative_and_monotonic[1234-Quantum]" time="0.001" /><testcase classname="aicf.tests.test_pricing_split" name="test_split_sums_to_base_and_is_stable[1-AI]" time="0.001" /><testcase classname="aicf.tests.test_pricing_split" name="test_split_sums_to_base_and_is_stable[1-Quantum]" time="0.001" /><testcase classname="aicf.tests.test_pricing_split" name="test_split_sums_to_base_and_is_stable[3-AI]" time="0.001" /><testcase classname="aicf.tests.test_pricing_split" name="test_split_sums_to_base_and_is_stable[3-Quantum]" time="0.001" /><testcase classname="aicf.tests.test_pricing_split" name="test_split_sums_to_base_and_is_stable[7-AI]" time="0.001" /><testcase classname="aicf.tests.test_pricing_split" name="test_split_sums_to_base_and_is_stable[7-Quantum]" time="0.001" /><testcase classname="aicf.tests.test_pricing_split" name="test_split_sums_to_base_and_is_stable[101-AI]" time="0.001" /><testcase classname="aicf.tests.test_pricing_split" name="test_split_sums_to_base_and_is_stable[101-Quantum]" time="0.001" /><testcase classname="aicf.tests.test_pricing_split" name="test_small_and_large_units_behave_reasonably[AI]" time="0.001" /><testcase classname="aicf.tests.test_pricing_split" name="test_small_and_large_units_behave_reasonably[Quantum]" time="0.001" /><testcase classname="aicf.tests.test_pricing_split" name="test_rounding_is_conservative[1-AI]" time="0.001" /><testcase classname="aicf.tests.test_pricing_split" name="test_rounding_is_conservative[1-Quantum]" time="0.001" /><testcase classname="aicf.tests.test_pricing_split" name="test_rounding_is_conservative[2-AI]" time="0.001" /><testcase classname="aicf.tests.test_pricing_split" name="test_rounding_is_conservative[2-Quantum]" time="0.001" /><testcase classname="aicf.tests.test_pricing_split" name="test_rounding_is_conservative[3-AI]" time="0.001" /><testcase classname="aicf.tests.test_pricing_split" name="test_rounding_is_conservative[3-Quantum]" time="0.001" /><testcase classname="aicf.tests.test_pricing_split" name="test_rounding_is_conservative[11-AI]" time="0.001" /><testcase classname="aicf.tests.test_pricing_split" name="test_rounding_is_conservative[11-Quantum]" time="0.001" /><testcase classname="aicf.tests.test_pricing_split" name="test_rounding_is_conservative[101-AI]" time="0.001" /><testcase classname="aicf.tests.test_pricing_split" name="test_rounding_is_conservative[101-Quantum]" time="0.001" /><testcase classname="aicf.tests.test_queue_matcher" name="test_eligibility_matches_only_capable_providers" time="0.001" /><testcase classname="aicf.tests.test_queue_matcher" name="test_quotas_limit_concurrent_leases_and_release_allows_more" time="0.001" /><testcase classname="aicf.tests.test_queue_matcher" name="test_priority_tie_breaker_is_deterministic" time="0.001" /><testcase classname="aicf.tests.test_queue_matcher" name="test_ineligible_providers_are_skipped_even_if_high_capacity" time="0.001" /><testcase classname="aicf.tests.test_queue_matcher" name="test_priority_prefers_higher_fee_then_older_age" time="0.001" /><testcase classname="aicf.tests.test_registry" name="test_register_and_attest_success" time="0.002" /><testcase classname="aicf.tests.test_registry" name="test_capability_updates" time="0.002" /><testcase classname="aicf.tests.test_registry" name="test_endpoints_update_and_status_transition" time="0.001" /><testcase classname="aicf.tests.test_registry" name="test_allowlist_blocks_registration" time="0.001" /><testcase classname="aicf.tests.test_registry" name="test_attestation_failure_rejected" time="0.001" /><testcase classname="aicf.tests.test_retry_ttl" name="test_retry_backoff_monotonic_non_decreasing" time="0.001"><skipped type="pytest.skip" message="No retry delay function found (compute_delay/backoff/policy.compute_delay).">/root/animica/aicf/tests/test_retry_ttl.py:67: No retry delay function found (compute_delay/backoff/policy.compute_delay).</skipped></testcase><testcase classname="aicf.tests.test_retry_ttl" name="test_requeue_ready_after_delay_and_ack_clears" time="0.001"><skipped type="pytest.skip" message="No retry delay function found (compute_delay/backoff/policy.compute_delay).">/root/animica/aicf/tests/test_retry_ttl.py:67: No retry delay function found (compute_delay/backoff/policy.compute_delay).</skipped></testcase><testcase classname="aicf.tests.test_retry_ttl" name="test_ttl_expiration_marks_stale_and_prevents_requeueing" time="0.001"><skipped type="pytest.skip" message="No TTL check function found (is_expired/expire_jobs).">/root/animica/aicf/tests/test_retry_ttl.py:129: No TTL check function found (is_expired/expire_jobs).</skipped></testcase><testcase classname="aicf.tests.test_sla_eval" name="test_traps_threshold_respects_confidence_window" time="0.001" /><testcase classname="aicf.tests.test_sla_eval" name="test_traps_fail_below_threshold" time="0.001" /><testcase classname="aicf.tests.test_sla_eval" name="test_qos_threshold_and_confidence_window" time="0.001" /><testcase classname="aicf.tests.test_sla_eval" name="test_combined_overall_requires_all_dimensions_to_pass" time="0.001" /><testcase classname="aicf.tests.test_slashing" name="test_penalty_and_jail_on_repeated_failures" time="0.002" /><testcase classname="aicf.tests.test_staking" name="test_stake_increase_and_minimums" time="0.002" /><testcase classname="aicf.tests.test_staking" name="test_unstake_lock_and_release_affects_effective_stake" time="0.002" /><testcase classname="aicf.tests.test_staking" name="test_unstake_more_than_staked_is_rejected" time="0.002" /><testcase classname="aicf.tests.test_staking" name="test_capability_upgrade_blocked_by_insufficient_stake" time="0.002" /><testcase classname="aicf.tests.test_staking" name="test_effective_stake_recovers_after_unlock_then_upgrade_allowed" time="0.005" /></testsuite></testsuites>